// Jest Snapshot v1, https://goo.gl/fbAQLP

exports[`<Actions /> renders correctly 1`] = `
<div
  className="suggestion-actions flex wrap justify-start"
>
  <div
    className="upvote flex align-center m-r-5"
  >
    <span
      className="icon"
    >
      <i
        className="fa fa-thumbs-up has-text-theme"
        onClick={[Function]}
        style={
          Object {
            "cursor": "pointer",
          }
        }
        title=""
      />
    </span>
    <div
      className="is-size-7"
    >
      1
    </div>
  </div>
  <div
    className="popup-manager"
  >
    <div
      className="open-emote-explorer"
      onClick={[Function]}
    >
      <div>
        +
      </div>
      <div
        className="icon is-small"
      >
        <i
          className="fa fa-smile-o"
        />
      </div>
    </div>
  </div>
  <div
    className="suggestion-admin-actions flex-center-children m-l-a"
  >
    <span
      className="approve-suggestion icon  has-text-success"
    >
      <i
        className="fa fa-check-square"
        onClick={[Function]}
      />
    </span>
    <span
      className="delete-suggestion icon has-text-danger"
    >
      <i
        className="fa fa-trash-o"
        onClick={[Function]}
      />
    </span>
  </div>
</div>
`;
