// Jest Snapshot v1, https://goo.gl/fbAQLP

exports[`<Upvote /> renders correctly 1`] = `
<div
  className="upvote flex align-center m-r-5"
>
  <span
    className="icon"
  >
    <i
      className="fa fa-thumbs-up has-text-primary"
      onClick={undefined}
      style={
        Object {
          "cursor": "pointer",
        }
      }
      title=""
    />
  </span>
  <div
    className="is-size-7"
  >
    1
  </div>
</div>
`;
